  Determining projects to restore...
C:\Program Files\dotnet\sdk\10.0.102\Sdks\Microsoft.NET.Sdk\targets\Microsoft.NET.Sdk.FrameworkReferenceResolution.targets(94,5): warning NETSDK1086: A FrameworkReference for 'Microsoft.AspNetCore.App' was included in the project. This is implicitly referenced by the .NET SDK and you do not typically need to reference it from your project. For more information, see https://aka.ms/sdkimplicitrefs [C:\Users\wribka\Documents\My Projects\Rama_Coffee-Web\backend\RamaCoffee.API\RamaCoffee.API.csproj]
  All projects are up-to-date for restore.
C:\Program Files\dotnet\sdk\10.0.102\Sdks\Microsoft.NET.Sdk\targets\Microsoft.NET.Sdk.FrameworkReferenceResolution.targets(94,5): warning NETSDK1086: A FrameworkReference for 'Microsoft.AspNetCore.App' was included in the project. This is implicitly referenced by the .NET SDK and you do not typically need to reference it from your project. For more information, see https://aka.ms/sdkimplicitrefs [C:\Users\wribka\Documents\My Projects\Rama_Coffee-Web\backend\RamaCoffee.API\RamaCoffee.API.csproj]
  RamaCoffee.Domain -> C:\Users\wribka\Documents\My Projects\Rama_Coffee-Web\backend\RamaCoffee.Domain\bin\Debug\net9.0\RamaCoffee.Domain.dll
  RamaCoffee.Application -> C:\Users\wribka\Documents\My Projects\Rama_Coffee-Web\backend\RamaCoffee.Application\bin\Debug\net9.0\RamaCoffee.Application.dll
  RamaCoffee.Infrastructure -> C:\Users\wribka\Documents\My Projects\Rama_Coffee-Web\backend\RamaCoffee.Infrastructure\bin\Debug\net9.0\RamaCoffee.Infrastructure.dll
C:\Program Files\dotnet\sdk\10.0.102\Microsoft.Common.CurrentVersion.targets(4903,5): warning MSB3026: Could not copy "obj\Debug\net9.0\RamaCoffee.API.dll" to "bin\Debug\net9.0\RamaCoffee.API.dll". Beginning retry 1 in 1000ms. The process cannot access the file 'C:\Users\wribka\Documents\My Projects\Rama_Coffee-Web\backend\RamaCoffee.API\bin\Debug\net9.0\RamaCoffee.API.dll' because it is being used by another process. The file is locked by: ".NET Host (6524)" [C:\Users\wribka\Documents\My Projects\Rama_Coffee-Web\backend\RamaCoffee.API\RamaCoffee.API.csproj]
C:\Program Files\dotnet\sdk\10.0.102\Microsoft.Common.CurrentVersion.targets(4903,5): warning MSB3026: Could not copy "obj\Debug\net9.0\RamaCoffee.API.dll" to "bin\Debug\net9.0\RamaCoffee.API.dll". Beginning retry 2 in 1000ms. The process cannot access the file 'C:\Users\wribka\Documents\My Projects\Rama_Coffee-Web\backend\RamaCoffee.API\bin\Debug\net9.0\RamaCoffee.API.dll' because it is being used by another process. The file is locked by: ".NET Host (6524)" [C:\Users\wribka\Documents\My Projects\Rama_Coffee-Web\backend\RamaCoffee.API\RamaCoffee.API.csproj]
C:\Program Files\dotnet\sdk\10.0.102\Microsoft.Common.CurrentVersion.targets(4903,5): warning MSB3026: Could not copy "obj\Debug\net9.0\RamaCoffee.API.dll" to "bin\Debug\net9.0\RamaCoffee.API.dll". Beginning retry 3 in 1000ms. The process cannot access the file 'C:\Users\wribka\Documents\My Projects\Rama_Coffee-Web\backend\RamaCoffee.API\bin\Debug\net9.0\RamaCoffee.API.dll' because it is being used by another process. The file is locked by: ".NET Host (6524)" [C:\Users\wribka\Documents\My Projects\Rama_Coffee-Web\backend\RamaCoffee.API\RamaCoffee.API.csproj]
C:\Program Files\dotnet\sdk\10.0.102\Microsoft.Common.CurrentVersion.targets(4903,5): warning MSB3026: Could not copy "obj\Debug\net9.0\RamaCoffee.API.dll" to "bin\Debug\net9.0\RamaCoffee.API.dll". Beginning retry 4 in 1000ms. The process cannot access the file 'C:\Users\wribka\Documents\My Projects\Rama_Coffee-Web\backend\RamaCoffee.API\bin\Debug\net9.0\RamaCoffee.API.dll' because it is being used by another process. The file is locked by: ".NET Host (6524)" [C:\Users\wribka\Documents\My Projects\Rama_Coffee-Web\backend\RamaCoffee.API\RamaCoffee.API.csproj]
C:\Program Files\dotnet\sdk\10.0.102\Microsoft.Common.CurrentVersion.targets(4903,5): warning MSB3026: Could not copy "obj\Debug\net9.0\RamaCoffee.API.dll" to "bin\Debug\net9.0\RamaCoffee.API.dll". Beginning retry 5 in 1000ms. The process cannot access the file 'C:\Users\wribka\Documents\My Projects\Rama_Coffee-Web\backend\RamaCoffee.API\bin\Debug\net9.0\RamaCoffee.API.dll' because it is being used by another process. The file is locked by: ".NET Host (6524)" [C:\Users\wribka\Documents\My Projects\Rama_Coffee-Web\backend\RamaCoffee.API\RamaCoffee.API.csproj]
C:\Program Files\dotnet\sdk\10.0.102\Microsoft.Common.CurrentVersion.targets(4903,5): warning MSB3026: Could not copy "obj\Debug\net9.0\RamaCoffee.API.dll" to "bin\Debug\net9.0\RamaCoffee.API.dll". Beginning retry 6 in 1000ms. The process cannot access the file 'C:\Users\wribka\Documents\My Projects\Rama_Coffee-Web\backend\RamaCoffee.API\bin\Debug\net9.0\RamaCoffee.API.dll' because it is being used by another process. The file is locked by: ".NET Host (6524)" [C:\Users\wribka\Documents\My Projects\Rama_Coffee-Web\backend\RamaCoffee.API\RamaCoffee.API.csproj]
C:\Program Files\dotnet\sdk\10.0.102\Microsoft.Common.CurrentVersion.targets(4903,5): warning MSB3026: Could not copy "obj\Debug\net9.0\RamaCoffee.API.dll" to "bin\Debug\net9.0\RamaCoffee.API.dll". Beginning retry 7 in 1000ms. The process cannot access the file 'C:\Users\wribka\Documents\My Projects\Rama_Coffee-Web\backend\RamaCoffee.API\bin\Debug\net9.0\RamaCoffee.API.dll' because it is being used by another process. The file is locked by: ".NET Host (6524)" [C:\Users\wribka\Documents\My Projects\Rama_Coffee-Web\backend\RamaCoffee.API\RamaCoffee.API.csproj]
C:\Program Files\dotnet\sdk\10.0.102\Microsoft.Common.CurrentVersion.targets(4903,5): warning MSB3026: Could not copy "obj\Debug\net9.0\RamaCoffee.API.dll" to "bin\Debug\net9.0\RamaCoffee.API.dll". Beginning retry 8 in 1000ms. The process cannot access the file 'C:\Users\wribka\Documents\My Projects\Rama_Coffee-Web\backend\RamaCoffee.API\bin\Debug\net9.0\RamaCoffee.API.dll' because it is being used by another process. The file is locked by: ".NET Host (6524)" [C:\Users\wribka\Documents\My Projects\Rama_Coffee-Web\backend\RamaCoffee.API\RamaCoffee.API.csproj]
C:\Program Files\dotnet\sdk\10.0.102\Microsoft.Common.CurrentVersion.targets(4903,5): warning MSB3026: Could not copy "obj\Debug\net9.0\RamaCoffee.API.dll" to "bin\Debug\net9.0\RamaCoffee.API.dll". Beginning retry 9 in 1000ms. The process cannot access the file 'C:\Users\wribka\Documents\My Projects\Rama_Coffee-Web\backend\RamaCoffee.API\bin\Debug\net9.0\RamaCoffee.API.dll' because it is being used by another process. The file is locked by: ".NET Host (6524)" [C:\Users\wribka\Documents\My Projects\Rama_Coffee-Web\backend\RamaCoffee.API\RamaCoffee.API.csproj]
C:\Program Files\dotnet\sdk\10.0.102\Microsoft.Common.CurrentVersion.targets(4903,5): warning MSB3026: Could not copy "obj\Debug\net9.0\RamaCoffee.API.dll" to "bin\Debug\net9.0\RamaCoffee.API.dll". Beginning retry 10 in 1000ms. The process cannot access the file 'C:\Users\wribka\Documents\My Projects\Rama_Coffee-Web\backend\RamaCoffee.API\bin\Debug\net9.0\RamaCoffee.API.dll' because it is being used by another process. The file is locked by: ".NET Host (6524)" [C:\Users\wribka\Documents\My Projects\Rama_Coffee-Web\backend\RamaCoffee.API\RamaCoffee.API.csproj]
C:\Program Files\dotnet\sdk\10.0.102\Microsoft.Common.CurrentVersion.targets(4903,5): error MSB3027: Could not copy "obj\Debug\net9.0\RamaCoffee.API.dll" to "bin\Debug\net9.0\RamaCoffee.API.dll". Exceeded retry count of 10. Failed. The file is locked by: ".NET Host (6524)" [C:\Users\wribka\Documents\My Projects\Rama_Coffee-Web\backend\RamaCoffee.API\RamaCoffee.API.csproj]
C:\Program Files\dotnet\sdk\10.0.102\Microsoft.Common.CurrentVersion.targets(4903,5): error MSB3021: Unable to copy file "obj\Debug\net9.0\RamaCoffee.API.dll" to "bin\Debug\net9.0\RamaCoffee.API.dll". The process cannot access the file 'C:\Users\wribka\Documents\My Projects\Rama_Coffee-Web\backend\RamaCoffee.API\bin\Debug\net9.0\RamaCoffee.API.dll' because it is being used by another process. [C:\Users\wribka\Documents\My Projects\Rama_Coffee-Web\backend\RamaCoffee.API\RamaCoffee.API.csproj]

Build FAILED.

C:\Program Files\dotnet\sdk\10.0.102\Sdks\Microsoft.NET.Sdk\targets\Microsoft.NET.Sdk.FrameworkReferenceResolution.targets(94,5): warning NETSDK1086: A FrameworkReference for 'Microsoft.AspNetCore.App' was included in the project. This is implicitly referenced by the .NET SDK and you do not typically need to reference it from your project. For more information, see https://aka.ms/sdkimplicitrefs [C:\Users\wribka\Documents\My Projects\Rama_Coffee-Web\backend\RamaCoffee.API\RamaCoffee.API.csproj]
C:\Program Files\dotnet\sdk\10.0.102\Sdks\Microsoft.NET.Sdk\targets\Microsoft.NET.Sdk.FrameworkReferenceResolution.targets(94,5): warning NETSDK1086: A FrameworkReference for 'Microsoft.AspNetCore.App' was included in the project. This is implicitly referenced by the .NET SDK and you do not typically need to reference it from your project. For more information, see https://aka.ms/sdkimplicitrefs [C:\Users\wribka\Documents\My Projects\Rama_Coffee-Web\backend\RamaCoffee.API\RamaCoffee.API.csproj]
C:\Program Files\dotnet\sdk\10.0.102\Microsoft.Common.CurrentVersion.targets(4903,5): warning MSB3026: Could not copy "obj\Debug\net9.0\RamaCoffee.API.dll" to "bin\Debug\net9.0\RamaCoffee.API.dll". Beginning retry 1 in 1000ms. The process cannot access the file 'C:\Users\wribka\Documents\My Projects\Rama_Coffee-Web\backend\RamaCoffee.API\bin\Debug\net9.0\RamaCoffee.API.dll' because it is being used by another process. The file is locked by: ".NET Host (6524)" [C:\Users\wribka\Documents\My Projects\Rama_Coffee-Web\backend\RamaCoffee.API\RamaCoffee.API.csproj]
C:\Program Files\dotnet\sdk\10.0.102\Microsoft.Common.CurrentVersion.targets(4903,5): warning MSB3026: Could not copy "obj\Debug\net9.0\RamaCoffee.API.dll" to "bin\Debug\net9.0\RamaCoffee.API.dll". Beginning retry 2 in 1000ms. The process cannot access the file 'C:\Users\wribka\Documents\My Projects\Rama_Coffee-Web\backend\RamaCoffee.API\bin\Debug\net9.0\RamaCoffee.API.dll' because it is being used by another process. The file is locked by: ".NET Host (6524)" [C:\Users\wribka\Documents\My Projects\Rama_Coffee-Web\backend\RamaCoffee.API\RamaCoffee.API.csproj]
C:\Program Files\dotnet\sdk\10.0.102\Microsoft.Common.CurrentVersion.targets(4903,5): warning MSB3026: Could not copy "obj\Debug\net9.0\RamaCoffee.API.dll" to "bin\Debug\net9.0\RamaCoffee.API.dll". Beginning retry 3 in 1000ms. The process cannot access the file 'C:\Users\wribka\Documents\My Projects\Rama_Coffee-Web\backend\RamaCoffee.API\bin\Debug\net9.0\RamaCoffee.API.dll' because it is being used by another process. The file is locked by: ".NET Host (6524)" [C:\Users\wribka\Documents\My Projects\Rama_Coffee-Web\backend\RamaCoffee.API\RamaCoffee.API.csproj]
C:\Program Files\dotnet\sdk\10.0.102\Microsoft.Common.CurrentVersion.targets(4903,5): warning MSB3026: Could not copy "obj\Debug\net9.0\RamaCoffee.API.dll" to "bin\Debug\net9.0\RamaCoffee.API.dll". Beginning retry 4 in 1000ms. The process cannot access the file 'C:\Users\wribka\Documents\My Projects\Rama_Coffee-Web\backend\RamaCoffee.API\bin\Debug\net9.0\RamaCoffee.API.dll' because it is being used by another process. The file is locked by: ".NET Host (6524)" [C:\Users\wribka\Documents\My Projects\Rama_Coffee-Web\backend\RamaCoffee.API\RamaCoffee.API.csproj]
C:\Program Files\dotnet\sdk\10.0.102\Microsoft.Common.CurrentVersion.targets(4903,5): warning MSB3026: Could not copy "obj\Debug\net9.0\RamaCoffee.API.dll" to "bin\Debug\net9.0\RamaCoffee.API.dll". Beginning retry 5 in 1000ms. The process cannot access the file 'C:\Users\wribka\Documents\My Projects\Rama_Coffee-Web\backend\RamaCoffee.API\bin\Debug\net9.0\RamaCoffee.API.dll' because it is being used by another process. The file is locked by: ".NET Host (6524)" [C:\Users\wribka\Documents\My Projects\Rama_Coffee-Web\backend\RamaCoffee.API\RamaCoffee.API.csproj]
C:\Program Files\dotnet\sdk\10.0.102\Microsoft.Common.CurrentVersion.targets(4903,5): warning MSB3026: Could not copy "obj\Debug\net9.0\RamaCoffee.API.dll" to "bin\Debug\net9.0\RamaCoffee.API.dll". Beginning retry 6 in 1000ms. The process cannot access the file 'C:\Users\wribka\Documents\My Projects\Rama_Coffee-Web\backend\RamaCoffee.API\bin\Debug\net9.0\RamaCoffee.API.dll' because it is being used by another process. The file is locked by: ".NET Host (6524)" [C:\Users\wribka\Documents\My Projects\Rama_Coffee-Web\backend\RamaCoffee.API\RamaCoffee.API.csproj]
C:\Program Files\dotnet\sdk\10.0.102\Microsoft.Common.CurrentVersion.targets(4903,5): warning MSB3026: Could not copy "obj\Debug\net9.0\RamaCoffee.API.dll" to "bin\Debug\net9.0\RamaCoffee.API.dll". Beginning retry 7 in 1000ms. The process cannot access the file 'C:\Users\wribka\Documents\My Projects\Rama_Coffee-Web\backend\RamaCoffee.API\bin\Debug\net9.0\RamaCoffee.API.dll' because it is being used by another process. The file is locked by: ".NET Host (6524)" [C:\Users\wribka\Documents\My Projects\Rama_Coffee-Web\backend\RamaCoffee.API\RamaCoffee.API.csproj]
C:\Program Files\dotnet\sdk\10.0.102\Microsoft.Common.CurrentVersion.targets(4903,5): warning MSB3026: Could not copy "obj\Debug\net9.0\RamaCoffee.API.dll" to "bin\Debug\net9.0\RamaCoffee.API.dll". Beginning retry 8 in 1000ms. The process cannot access the file 'C:\Users\wribka\Documents\My Projects\Rama_Coffee-Web\backend\RamaCoffee.API\bin\Debug\net9.0\RamaCoffee.API.dll' because it is being used by another process. The file is locked by: ".NET Host (6524)" [C:\Users\wribka\Documents\My Projects\Rama_Coffee-Web\backend\RamaCoffee.API\RamaCoffee.API.csproj]
C:\Program Files\dotnet\sdk\10.0.102\Microsoft.Common.CurrentVersion.targets(4903,5): warning MSB3026: Could not copy "obj\Debug\net9.0\RamaCoffee.API.dll" to "bin\Debug\net9.0\RamaCoffee.API.dll". Beginning retry 9 in 1000ms. The process cannot access the file 'C:\Users\wribka\Documents\My Projects\Rama_Coffee-Web\backend\RamaCoffee.API\bin\Debug\net9.0\RamaCoffee.API.dll' because it is being used by another process. The file is locked by: ".NET Host (6524)" [C:\Users\wribka\Documents\My Projects\Rama_Coffee-Web\backend\RamaCoffee.API\RamaCoffee.API.csproj]
C:\Program Files\dotnet\sdk\10.0.102\Microsoft.Common.CurrentVersion.targets(4903,5): warning MSB3026: Could not copy "obj\Debug\net9.0\RamaCoffee.API.dll" to "bin\Debug\net9.0\RamaCoffee.API.dll". Beginning retry 10 in 1000ms. The process cannot access the file 'C:\Users\wribka\Documents\My Projects\Rama_Coffee-Web\backend\RamaCoffee.API\bin\Debug\net9.0\RamaCoffee.API.dll' because it is being used by another process. The file is locked by: ".NET Host (6524)" [C:\Users\wribka\Documents\My Projects\Rama_Coffee-Web\backend\RamaCoffee.API\RamaCoffee.API.csproj]
C:\Program Files\dotnet\sdk\10.0.102\Microsoft.Common.CurrentVersion.targets(4903,5): error MSB3027: Could not copy "obj\Debug\net9.0\RamaCoffee.API.dll" to "bin\Debug\net9.0\RamaCoffee.API.dll". Exceeded retry count of 10. Failed. The file is locked by: ".NET Host (6524)" [C:\Users\wribka\Documents\My Projects\Rama_Coffee-Web\backend\RamaCoffee.API\RamaCoffee.API.csproj]
C:\Program Files\dotnet\sdk\10.0.102\Microsoft.Common.CurrentVersion.targets(4903,5): error MSB3021: Unable to copy file "obj\Debug\net9.0\RamaCoffee.API.dll" to "bin\Debug\net9.0\RamaCoffee.API.dll". The process cannot access the file 'C:\Users\wribka\Documents\My Projects\Rama_Coffee-Web\backend\RamaCoffee.API\bin\Debug\net9.0\RamaCoffee.API.dll' because it is being used by another process. [C:\Users\wribka\Documents\My Projects\Rama_Coffee-Web\backend\RamaCoffee.API\RamaCoffee.API.csproj]
    12 Warning(s)
    2 Error(s)

Time Elapsed 00:00:13.70
